Resolving dependencies...
Downloading packages...
  _fe_analyzer_shared 93.0.0 (97.0.0 available)
  analyzer 10.0.1 (11.0.0 available)
  bloc 8.1.4 (9.2.0 available)
  build_config 1.2.0 (1.3.0 available)
  characters 1.4.0 (1.4.1 available)
  connectivity_plus 6.1.5 (7.0.0 available)
  dart_style 3.1.5 (3.1.6 available)
  flutter_ble_peripheral 1.2.6 (2.1.0 available)
  flutter_bloc 8.1.6 (9.1.1 available)
  flutter_blue_plus 1.36.8 (2.2.1 available)
  flutter_blue_plus_android 7.0.4 (8.2.1 available)
  flutter_blue_plus_darwin 7.0.3 (8.2.1 available)
  flutter_blue_plus_linux 7.0.3 (8.2.1 available)
  flutter_blue_plus_platform_interface 7.0.0 (8.2.1 available)
  flutter_blue_plus_web 7.0.2 (8.2.1 available)
  flutter_launcher_icons 0.13.1 (0.14.4 available)
  flutter_lints 3.0.2 (6.0.0 available)
  image 4.5.4 (4.8.0 available)
  lints 3.0.0 (6.1.0 available)
  matcher 0.12.17 (0.12.19 available)
  material_color_utilities 0.11.1 (0.13.0 available)
  meta 1.17.0 (1.18.1 available)
  network_info_plus 6.1.4 (7.0.0 available)
  pointycastle 3.9.1 (4.0.0 available)
  shelf_web_socket 2.0.1 (3.0.0 available)
  sqlite3 2.9.4 (3.1.6 available)
  test_api 0.7.7 (0.7.10 available)
  win32 5.15.0 (6.0.0 available)
  win32_registry 2.1.0 (3.0.1 available)
Got dependencies!
29 packages have newer versions incompatible with dependency constraints.
Try `flutter pub outdated` for more information.
Running Gradle task 'assembleRelease'...                        
flutter : 
At line:1 char:1
+ flutter build apk --split-per-abi --obfuscate --split-debug-info=andr ...
+ ~~~~~~~~~~~~~~~~~~~~~~~~~~~~~~~~~~~~~~~~~~~~~~~~~~~~~~~~~~~~~~~~~~~~~
    + CategoryInfo          : NotSpecified: (:String) [], RemoteException
    + FullyQualifiedErrorId : NativeCommandError
 
FAILURE: Build failed with an exception.

* Where:
Build file 'C:\dev\Involve_APP\android\build.gradle.kts' line: 61

* What went wrong:
Cannot run Project.afterEvaluate(Action) when the project is already evaluated.

* Try:
> Run with --stacktrace option to get the stack trace.
> Run with --info or --debug option to get more log output.
> Run with --scan to get full insights.
> Get more help at https://help.gradle.org.

BUILD FAILED in 46s
Running Gradle task 'assembleRelease'...                           46.8s
Gradle task assembleRelease failed with exit code 1
